---
source: src/db/migration/sea_orm/user/m20240723_070533_add_user_account_management_fields.rs
expression: query.to_string(PostgresQueryBuilder)
---
ALTER TABLE "user" ADD COLUMN IF NOT EXISTS "email_confirmation_sent_at" timestamp with time zone NULL, ADD COLUMN IF NOT EXISTS "email_confirmation_token" varchar NULL, ADD COLUMN IF NOT EXISTS "email_confirmed_at" timestamp with time zone NULL, ADD COLUMN IF NOT EXISTS "last_sign_in_at" timestamp with time zone NOT NULL DEFAULT CURRENT_TIMESTAMP, ADD COLUMN IF NOT EXISTS "recovery_sent_at" timestamp with time zone NULL, ADD COLUMN IF NOT EXISTS "recovery_token" varchar NULL, ADD COLUMN IF NOT EXISTS "email_change_sent_at" timestamp with time zone NULL, ADD COLUMN IF NOT EXISTS "email_change_token_new" varchar NULL, ADD COLUMN IF NOT EXISTS "email_change_token_current" varchar NULL, ADD COLUMN IF NOT EXISTS "deleted_at" timestamp with time zone NULL
