---
source: src/db/migration/sea_orm/user/m20241226_203420_email_change_validation_timestamps.rs
expression: query.to_string(PostgresQueryBuilder)
---
ALTER TABLE "user" ADD COLUMN IF NOT EXISTS "email_change_new_confirmed_at" timestamp with time zone NULL, ADD COLUMN IF NOT EXISTS "email_change_current_confirmed_at" timestamp with time zone NULL
