---
source: src/migration/timestamp/mod.rs
expression: statement
---
Some(
    Statement {
        sql: "\nCREATE TRIGGER foo_update_timestamp_updated_at BEFORE UPDATE\nON public.foo\nFOR EACH ROW\nEXECUTE PROCEDURE update_timestamp_updated_at();\n",
        values: None,
        db_backend: Postgres,
    },
)
