---
source: src/service/http/middleware/default.rs
expression: middleware
snapshot_kind: text
---
[
    'cache-control',
    'catch-panic',
    'cors',
    'etag',
    'propagate-request-id',
    'request-body-size-limit',
    'request-decompression',
    'request-response-logging',
    'sensitive-request-headers',
    'sensitive-response-headers',
    'set-request-id',
    'timeout',
    'tracing',
]
