---
source: src/config/service/worker/sidekiq/mod.rs
expression: sidekiq
---
num-workers = 1
queues = []

[redis]
uri = 'redis://[Sensitive]'

[redis.enqueue-pool]

[redis.fetch-pool]

[periodic]
stale-cleanup = 'auto-clean-stale'

[app-worker]
max-retries = 5
timeout = true
max-duration = 60
disable-argument-coercion = false
