---
source: src/config/service/worker/sidekiq/mod.rs
expression: sidekiq
---
num-workers = 1
balance-strategy = 'round-robin'
queues = []

[redis]
uri = 'redis://[Sensitive]'

[redis.enqueue-pool]
max-connections = 1

[redis.fetch-pool]
max-connections = 2

[periodic]
stale-cleanup = 'auto-clean-stale'

[app-worker]
max-retries = 5
timeout = true
max-duration = 60
disable-argument-coercion = false

[queue-config]
