---
source: src/extra/user/migration/m20240715_001020_create_role.rs
expression: query.to_string(PostgresQueryBuilder)
---
CREATE TABLE IF NOT EXISTS "role" ( "created_at" timestamp with time zone NOT NULL DEFAULT CURRENT_TIMESTAMP, "updated_at" timestamp with time zone NOT NULL DEFAULT CURRENT_TIMESTAMP, "id" uuid PRIMARY KEY, "name" role_name NOT NULL UNIQUE )
