---
source: src/migration/user/m20241022_072216_case_insensitive_username_email.rs
expression: query
---
[
    Statement {
        sql: "ALTER table \"user\" ALTER COLUMN \"username\" type varchar COLLATE \"default\"",
        values: None,
        db_backend: Sqlite,
    },
    Statement {
        sql: "ALTER table \"user\" ALTER COLUMN \"email\" type varchar COLLATE \"default\"",
        values: None,
        db_backend: Sqlite,
    },
]
