---
source: src/migration/user/tests.rs
expression: user_migrations
---
[
    "m20240714_203551_create_user_table_uuid_pk",
    "m20240723_070533_add_user_account_management_fields",
    "m20240723_201404_add_update_timestamp_function",
    "m20240724_005115_user_update_timestamp",
    "m20240729_000812_password_updated_at",
    "m20240729_002549_password_updated_at_function",
    "m20240729_002615_password_updated_at_trigger",
    "m20241022_065427_case_insensitive_collation",
    "m20241022_072216_case_insensitive_username_email",
]
