---
source: src/config/service/worker/pg/mod.rs
expression: worker_pg
---
[database]
connect-timeout = 2000
connect-lazy = true
acquire-timeout = 5000
idle-timeout = 10000
max-lifetime = 60000
min-connections = 5
max-connections = 6
test-on-checkout = true
retry-connection = true

[periodic]
enable = false
stale-cleanup = 'auto-clean-stale'
