---
source: src/middleware/http/auth/jwt/mod.rs
expression: jwt
---
{
  "token": {
    "header": {
      "typ": "JWT",
      "alg": "HS256"
    },
    "claims": {
      "iss": null,
      "sub": "[uuid]",
      "exp": 1234,
      "nbf": null,
      "iat": null,
      "jti": null
    }
  },
  "csrf_status": "Safe"
}
