---
source: src/config/email/smtp/mod.rs
expression: msg_builder
---
MessageBuilder {
    headers: Headers {
        headers: [
            HeaderValue {
                name: HeaderName(
                    "From",
                ),
                raw_value: "foo@example.com",
                encoded_value: "foo@example.com",
            },
            HeaderValue {
                name: HeaderName(
                    "Reply-To",
                ),
                raw_value: "no-reply@example.com",
                encoded_value: "no-reply@example.com",
            },
        ],
    },
    envelope: None,
    drop_bcc: true,
}
